// Jest Snapshot v1, https://goo.gl/fbAQLP

exports[`test in <GifGrid/> shallow GifGrid 1`] = `
<Fragment>
  <h3
    className="mg-3vw animate__animated animate__fadeIn"
  >
    <i
      class="bx bxs-right-arrow bx-xs"
    />
     
    Hunter X Hunter
  </h3>
  <p
    className="animate__animated animate__flash"
  >
    <i
      className="loading bx bx-loader-alt bx-spin"
    />
  </p>
  <div
    className="card-grid "
  />
</Fragment>
`;
